From: sender@example.com
To: "Alice" <alice@example.com>
Cc: "Copy" <copy@example.com>
Subject: Visible to To and CC only
Date: <DATE>
Message-ID: <MESSAGE-ID>
MIME-Version: 1.0
Content-Type: multipart/alternative;
 boundary="<BOUNDARY>"

--<BOUNDARY>
Content-Type: text/plain; charset=utf-8
Content-Transfer-Encoding: quoted-printable

The BCC recipient must never appear.

--<BOUNDARY>--
